[INFO] Scanning for projects...
Downloading from central: https://repo.maven.apache.org/maven2/org/codehaus/mojo/maven-metadata.xml
Downloading from central: https://repo.maven.apache.org/maven2/org/apache/maven/plugins/maven-metadata.xml
Progress (1): 4.6 kBProgress (1): 9.7 kBProgress (1): 14 kB Progress (2): 14 kB | 3.1 kBProgress (2): 14 kB | 7.7 kBProgress (2): 14 kB | 12 kB Progress (2): 14 kB | 17 kBProgress (2): 14 kB | 20 kBProgress (2): 14 kB | 21 kB                           Downloaded from central: https://repo.maven.apache.org/maven2/org/apache/maven/plugins/maven-metadata.xml (14 kB at 2.4 kB/s)
Downloaded from central: https://repo.maven.apache.org/maven2/org/codehaus/mojo/maven-metadata.xml (21 kB at 3.4 kB/s)
[INFO] ------------------------------------------------------------------------
[INFO] BUILD FAILURE
[INFO] ------------------------------------------------------------------------
[INFO] Total time:  7.694 s
[INFO] Finished at: 2026-03-03T12:29:21+05:30
[INFO] ------------------------------------------------------------------------
[ERROR] No plugin found for prefix 'spring-boot' in the current project and in the plugin groups [org.apache.maven.plugins, org.codehaus.mojo] available from the repositories [local (/Users/amit/.m2/repository), central (https://repo.maven.apache.org/maven2)] -> [Help 1]
[ERROR] 
[ERROR] To see the full stack trace of the errors, re-run Maven with the -e switch.
[ERROR] Re-run Maven using the -X switch to enable full debug logging.
[ERROR] 
[ERROR] For more information about the errors and possible solutions, please read the following articles:
[ERROR] [Help 1] http://cwiki.apache.org/confluence/display/MAVEN/NoPluginFoundForPrefixException
time="2026-03-03T12:50:53+05:30" level=warning msg="/Users/amit/Documents/rookie/gitcode/throttle/docker-compose.yml: the attribute `version` is obsolete, it will be ignored, please remove it to avoid potential confusion"
 Container throttle-postgres  Running
