2026-03-02 23:36:40.057 INFO  [background-preinit] o.h.validator.internal.util.Version - HV000001: Hibernate Validator 9.0.1.Final
2026-03-02 23:36:40.111 INFO  [main] c.r.throttle.ThrottleApplication - Starting ThrottleApplication using Java 17.0.9 with PID 15044 (/Users/admin/Desktop/Personal_Work/throttle/throttle/target/classes started by admin in /Users/admin/Desktop/Personal_Work/throttle)
2026-03-02 23:36:40.111 INFO  [main] c.r.throttle.ThrottleApplication - No active profile set, falling back to 1 default profile: "default"
2026-03-02 23:36:40.518 INFO  [main] o.s.d.r.c.RepositoryConfigurationDelegate - Bootstrapping Spring Data JPA repositories in DEFAULT mode.
2026-03-02 23:36:40.551 INFO  [main] o.s.d.r.c.RepositoryConfigurationDelegate - Finished Spring Data repository scanning in 26 ms. Found 6 JPA repository interfaces.
2026-03-02 23:36:41.120 INFO  [main] o.s.boot.tomcat.TomcatWebServer - Tomcat initialized with port 8080 (http)
2026-03-02 23:36:41.130 INFO  [main] o.a.coyote.http11.Http11NioProtocol - Initializing ProtocolHandler ["http-nio-8080"]
2026-03-02 23:36:41.132 INFO  [main] o.a.catalina.core.StandardService - Starting service [Tomcat]
2026-03-02 23:36:41.132 INFO  [main] o.a.catalina.core.StandardEngine - Starting Servlet engine: [Apache Tomcat/11.0.15]
2026-03-02 23:36:41.297 INFO  [main] o.s.b.w.c.s.WebApplicationContextInitializer - Root WebApplicationContext: initialization completed in 1134 ms
2026-03-02 23:36:41.438 INFO  [main] org.hibernate.orm.jpa - HHH008540: Processing PersistenceUnitInfo [name: default]
2026-03-02 23:36:41.481 INFO  [main] org.hibernate.orm.core - HHH000001: Hibernate ORM core version 7.2.1.Final
2026-03-02 23:36:41.727 INFO  [main] o.s.o.j.p.SpringPersistenceUnitInfo - No LoadTimeWeaver setup: ignoring JPA class transformer
2026-03-02 23:36:41.745 INFO  [main] com.zaxxer.hikari.HikariDataSource - HikariPool-1 - Starting...
2026-03-02 23:36:42.138 INFO  [main] com.zaxxer.hikari.pool.HikariPool - HikariPool-1 - Added connection org.postgresql.jdbc.PgConnection@64540344
2026-03-02 23:36:42.141 INFO  [main] com.zaxxer.hikari.HikariDataSource - HikariPool-1 - Start completed.
2026-03-02 23:36:42.294 INFO  [main] o.hibernate.orm.connections.pooling - HHH10001005: Database info:
	Database JDBC URL [jdbc:postgresql://localhost:5433/throttleDB]
	Database driver: PostgreSQL JDBC Driver
	Database dialect: PostgreSQLDialect
	Database version: 16.12
	Default catalog/schema: throttleDB/public
	Autocommit mode: undefined/unknown
	Isolation level: READ_COMMITTED [default READ_COMMITTED]
	JDBC fetch size: none
	Pool: DataSourceConnectionProvider
	Minimum pool size: undefined/unknown
	Maximum pool size: undefined/unknown
2026-03-02 23:36:42.984 INFO  [main] org.hibernate.orm.core - HHH000489: No JTA platform available (set 'hibernate.transaction.jta.platform' to enable JTA platform integration)
2026-03-02 23:36:43.193 INFO  [main] o.s.o.j.LocalContainerEntityManagerFactoryBean - Initialized JPA EntityManagerFactory for persistence unit 'default'
2026-03-02 23:36:43.284 INFO  [main] o.s.d.j.r.q.QueryEnhancerFactories - Hibernate is in classpath; If applicable, HQL parser will be used.
2026-03-02 23:36:43.551 WARN  [main] o.s.b.j.a.JpaBaseConfiguration$JpaWebConfiguration - spring.jpa.open-in-view is enabled by default. Therefore, database queries may be performed during view rendering. Explicitly configure spring.jpa.open-in-view to disable this warning
2026-03-02 23:36:43.598 WARN  [main] o.s.b.s.a.UserDetailsServiceAutoConfiguration - 

Using generated security password: db0bd8dc-49ff-42a5-aed9-3e6de321ec65

This generated password is for development use only. Your security configuration must be updated before running your application in production.

2026-03-02 23:36:43.603 INFO  [main] o.s.s.c.a.a.c.InitializeUserDetailsBeanManagerConfigurer$InitializeUserDetailsManagerConfigurer - Global AuthenticationManager configured with UserDetailsService bean with name inMemoryUserDetailsManager
2026-03-02 23:36:43.832 INFO  [main] o.a.coyote.http11.Http11NioProtocol - Starting ProtocolHandler ["http-nio-8080"]
2026-03-02 23:36:43.845 INFO  [main] o.s.boot.tomcat.TomcatWebServer - Tomcat started on port 8080 (http) with context path '/'
2026-03-02 23:36:43.849 INFO  [main] c.r.throttle.ThrottleApplication - Started ThrottleApplication in 4.318 seconds (process running for 5.419)
2026-03-02 23:38:42.907 INFO  [http-nio-8080-exec-1] o.a.c.c.C.[Tomcat].[localhost].[/] - Initializing Spring DispatcherServlet 'dispatcherServlet'
2026-03-02 23:38:42.917 INFO  [http-nio-8080-exec-1] o.s.web.servlet.DispatcherServlet - Initializing Servlet 'dispatcherServlet'
2026-03-02 23:38:43.012 INFO  [http-nio-8080-exec-1] o.s.web.servlet.DispatcherServlet - Completed initialization in 95 ms
2026-03-02 23:39:59.126 INFO  [http-nio-8080-exec-3] c.r.ride.controller.RideController - Ride created with rideID: 8cbd0042-5f61-4fb5-81e6-395d22d14162
